                                                               Info ->  U In Use
[39m[1mIMAGE[0m   [39m[1mID[0m             [39m[1mDISK USAGE[0m   [39m[1mCONTENT SIZE[0m   [39m[1mEXTRA[0m
